2026-05-26 21:39:57,508 INFO o.a.j.u.JMeterUtils: Setting Locale to en_EN
2026-05-26 21:39:57,558 INFO o.a.j.JMeter: Loading user properties from: D:\Eclipse Adoptium\apache-jmeter-5.6.3\bin\user.properties
2026-05-26 21:39:57,558 INFO o.a.j.JMeter: Loading system properties from: D:\Eclipse Adoptium\apache-jmeter-5.6.3\bin\system.properties
2026-05-26 21:39:57,571 INFO o.a.j.JMeter: Copyright (c) 1998-2024 The Apache Software Foundation
2026-05-26 21:39:57,571 INFO o.a.j.JMeter: Version 5.6.3
2026-05-26 21:39:57,571 INFO o.a.j.JMeter: java.version=17.0.18
2026-05-26 21:39:57,571 INFO o.a.j.JMeter: java.vm.name=OpenJDK 64-Bit Server VM
2026-05-26 21:39:57,571 INFO o.a.j.JMeter: os.name=Windows 10
2026-05-26 21:39:57,571 INFO o.a.j.JMeter: os.arch=amd64
2026-05-26 21:39:57,571 INFO o.a.j.JMeter: os.version=10.0
2026-05-26 21:39:57,572 INFO o.a.j.JMeter: file.encoding=Cp1252
2026-05-26 21:39:57,572 INFO o.a.j.JMeter: java.awt.headless=true
2026-05-26 21:39:57,572 INFO o.a.j.JMeter: Max memory     =1073741824
2026-05-26 21:39:57,572 INFO o.a.j.JMeter: Available Processors =4
2026-05-26 21:39:57,585 INFO o.a.j.JMeter: Default Locale=English (EN)
2026-05-26 21:39:57,586 INFO o.a.j.JMeter: JMeter  Locale=English (EN)
2026-05-26 21:39:57,586 INFO o.a.j.JMeter: JMeterHome=D:\Eclipse Adoptium\apache-jmeter-5.6.3
2026-05-26 21:39:57,586 INFO o.a.j.JMeter: user.dir  =D:\eclipse-workspace\OpenCartFramework\jmeter
2026-05-26 21:39:57,586 INFO o.a.j.JMeter: PWD       =D:\eclipse-workspace\OpenCartFramework\jmeter
2026-05-26 21:40:06,645 INFO o.a.j.JMeter: IP: 169.254.168.210 Name: DESKTOP-B3PRJL3 FullName: DESKTOP-B3PRJL3
2026-05-26 21:40:06,663 INFO o.a.j.s.FileServer: Default base='D:\eclipse-workspace\OpenCartFramework\jmeter'
2026-05-26 21:40:06,665 INFO o.a.j.s.FileServer: Set new base='D:\eclipse-workspace\OpenCartFramework\jmeter'
2026-05-26 21:40:06,952 INFO o.a.j.s.SaveService: Testplan (JMX) version: 2.2. Testlog (JTL) version: 2.2
2026-05-26 21:40:06,992 INFO o.a.j.s.SaveService: Using SaveService properties version 5.0
2026-05-26 21:40:06,997 INFO o.a.j.s.SaveService: Using SaveService properties file encoding UTF-8
2026-05-26 21:40:07,002 INFO o.a.j.s.SaveService: Loading file: OpenCart Homepage Load Test.jmx
2026-05-26 21:40:07,063 INFO o.a.j.p.h.c.CookieManager: Settings: Delete null: true Check: true Allow variable: true Save: false Prefix: COOKIE_
2026-05-26 21:40:07,087 INFO o.a.j.p.h.s.HTTPSamplerBase: Parser for text/html is org.apache.jmeter.protocol.http.parser.LagartoBasedHtmlParser
2026-05-26 21:40:07,087 INFO o.a.j.p.h.s.HTTPSamplerBase: Parser for application/xhtml+xml is org.apache.jmeter.protocol.http.parser.LagartoBasedHtmlParser
2026-05-26 21:40:07,088 INFO o.a.j.p.h.s.HTTPSamplerBase: Parser for application/xml is org.apache.jmeter.protocol.http.parser.LagartoBasedHtmlParser
2026-05-26 21:40:07,088 INFO o.a.j.p.h.s.HTTPSamplerBase: Parser for text/xml is org.apache.jmeter.protocol.http.parser.LagartoBasedHtmlParser
2026-05-26 21:40:07,088 INFO o.a.j.p.h.s.HTTPSamplerBase: Parser for text/vnd.wap.wml is org.apache.jmeter.protocol.http.parser.RegexpHTMLParser
2026-05-26 21:40:07,088 INFO o.a.j.p.h.s.HTTPSamplerBase: Parser for text/css is org.apache.jmeter.protocol.http.parser.CssParser
2026-05-26 21:40:07,129 INFO o.a.j.JMeter: Creating summariser <summary>
2026-05-26 21:40:07,151 INFO o.a.j.e.StandardJMeterEngine: Running the test!
2026-05-26 21:40:07,152 INFO o.a.j.s.SampleEvent: List of sample_variables: []
2026-05-26 21:40:07,152 INFO o.a.j.s.SampleEvent: List of sample_variables: []
2026-05-26 21:40:07,164 INFO o.a.j.e.u.CompoundVariable: Note: Function class names must contain the string: '.functions.'
2026-05-26 21:40:07,164 INFO o.a.j.e.u.CompoundVariable: Note: Function class names must not contain the string: '.gui.'
2026-05-26 21:40:07,332 INFO o.a.j.JMeter: Running test (1779856807332)
2026-05-26 21:40:07,360 INFO o.a.j.e.StandardJMeterEngine: Starting ThreadGroup: 1 : Homepage Users
2026-05-26 21:40:07,361 INFO o.a.j.e.StandardJMeterEngine: Starting 10 threads for group Homepage Users.
2026-05-26 21:40:07,361 INFO o.a.j.e.StandardJMeterEngine: Thread will continue on error
2026-05-26 21:40:07,361 INFO o.a.j.t.ThreadGroup: Starting thread group... number=1 threads=10 ramp-up=5 delayedStart=false
2026-05-26 21:40:07,369 INFO o.a.j.t.JMeterThread: Thread started: Homepage Users 1-1
2026-05-26 21:40:07,372 INFO o.a.j.t.ThreadGroup: Started thread group number 1
2026-05-26 21:40:07,372 INFO o.a.j.e.StandardJMeterEngine: All thread groups have been started
2026-05-26 21:40:07,391 INFO o.a.j.p.h.s.HTTPHCAbstractImpl: Local host = DESKTOP-B3PRJL3
2026-05-26 21:40:07,397 INFO o.a.j.p.h.s.HTTPHC4Impl: HTTP request retry count = 0
2026-05-26 21:40:07,398 INFO o.a.j.s.SampleResult: Note: Sample TimeStamps are START times
2026-05-26 21:40:07,398 INFO o.a.j.s.SampleResult: sampleresult.default.encoding is set to UTF-8
2026-05-26 21:40:07,398 INFO o.a.j.s.SampleResult: sampleresult.useNanoTime=true
2026-05-26 21:40:07,399 INFO o.a.j.s.SampleResult: sampleresult.nanoThreadSleep=5000
2026-05-26 21:40:07,868 INFO o.a.j.t.JMeterThread: Thread started: Homepage Users 1-2
2026-05-26 21:40:08,366 INFO o.a.j.t.JMeterThread: Thread started: Homepage Users 1-3
2026-05-26 21:40:08,870 INFO o.a.j.t.JMeterThread: Thread started: Homepage Users 1-4
2026-05-26 21:40:09,370 INFO o.a.j.t.JMeterThread: Thread started: Homepage Users 1-5
2026-05-26 21:40:09,868 INFO o.a.j.t.JMeterThread: Thread started: Homepage Users 1-6
2026-05-26 21:40:10,366 INFO o.a.j.t.JMeterThread: Thread started: Homepage Users 1-7
2026-05-26 21:40:10,868 INFO o.a.j.t.JMeterThread: Thread started: Homepage Users 1-8
2026-05-26 21:40:11,367 INFO o.a.j.t.JMeterThread: Thread started: Homepage Users 1-9
2026-05-26 21:40:11,866 INFO o.a.j.t.JMeterThread: Thread started: Homepage Users 1-10
2026-05-26 21:40:13,637 INFO o.a.j.t.JMeterThread: Thread is done: Homepage Users 1-1
2026-05-26 21:40:13,638 INFO o.a.j.t.JMeterThread: Thread finished: Homepage Users 1-1
2026-05-26 21:40:14,075 INFO o.a.j.t.JMeterThread: Thread is done: Homepage Users 1-2
2026-05-26 21:40:14,075 INFO o.a.j.t.JMeterThread: Thread finished: Homepage Users 1-2
2026-05-26 21:40:14,558 INFO o.a.j.t.JMeterThread: Thread is done: Homepage Users 1-3
2026-05-26 21:40:14,558 INFO o.a.j.t.JMeterThread: Thread finished: Homepage Users 1-3
2026-05-26 21:40:15,040 INFO o.a.j.t.JMeterThread: Thread is done: Homepage Users 1-4
2026-05-26 21:40:15,040 INFO o.a.j.t.JMeterThread: Thread finished: Homepage Users 1-4
2026-05-26 21:40:15,570 INFO o.a.j.t.JMeterThread: Thread is done: Homepage Users 1-5
2026-05-26 21:40:15,570 INFO o.a.j.t.JMeterThread: Thread finished: Homepage Users 1-5
2026-05-26 21:40:16,068 INFO o.a.j.t.JMeterThread: Thread is done: Homepage Users 1-6
2026-05-26 21:40:16,069 INFO o.a.j.t.JMeterThread: Thread finished: Homepage Users 1-6
2026-05-26 21:40:16,535 INFO o.a.j.t.JMeterThread: Thread is done: Homepage Users 1-7
2026-05-26 21:40:16,535 INFO o.a.j.t.JMeterThread: Thread finished: Homepage Users 1-7
2026-05-26 21:40:17,065 INFO o.a.j.t.JMeterThread: Thread is done: Homepage Users 1-8
2026-05-26 21:40:17,065 INFO o.a.j.t.JMeterThread: Thread finished: Homepage Users 1-8
2026-05-26 21:40:17,546 INFO o.a.j.t.JMeterThread: Thread is done: Homepage Users 1-9
2026-05-26 21:40:17,546 INFO o.a.j.t.JMeterThread: Thread finished: Homepage Users 1-9
2026-05-26 21:40:18,026 INFO o.a.j.t.JMeterThread: Thread is done: Homepage Users 1-10
2026-05-26 21:40:18,027 INFO o.a.j.t.JMeterThread: Thread finished: Homepage Users 1-10
2026-05-26 21:40:18,027 INFO o.a.j.e.StandardJMeterEngine: Notifying test listeners of end of test
2026-05-26 21:40:18,029 INFO o.a.j.r.Summariser: summary =     30 in 00:00:11 =    2.8/s Avg:  2060 Min:  2035 Max:  2100 Err:    30 (100.00%)
